[kantologist.netlify.app/index.html]
[cdnjs.cloudflare.com/ajax/libs/academicons/1.8.6/css/academicons.min.css]
[cdnjs.cloudflare.com/ajax/libs/twitter-bootstrap/4.1.3/css/bootstrap.min.css]
[use.fontawesome.com/releases/v5.6.0/css/all.css]
[cdnjs.cloudflare.com/ajax/libs/fancybox/3.2.5/jquery.fancybox.min.css]
[cdnjs.cloudflare.com/ajax/libs/highlight.js/9.12.0/styles/github.min.css]
[kantologist.netlify.app/styles.css]
[kantologist.netlify.app/index.xml]
[backblue.gif]
[fade.gif]
[index.html]
[kantologist.netlify.app/site.webmanifest]
[kantologist.netlify.app/img/icon.png]
[kantologist.netlify.app/img/icon-192.png]
[kantologist.netlify.app/author/admin/avatar_huc19c5f5697ebbc386e671d3177714e24_1468803_250x250_fill_q75_box_center.jpg]
[kantologist.netlify.app/js/mathjax-config.js]
[cdnjs.cloudflare.com/ajax/libs/jquery/3.3.1/jquery.min.js]
[kantologist.netlify.app/publication/api/index.html]
[cdnjs.cloudflare.com/ajax/libs/jquery.imagesloaded/4.1.3/imagesloaded.pkgd.min.js]
[kantologist.netlify.app/publication/deep-class/index.html]
[cdnjs.cloudflare.com/ajax/libs/twitter-bootstrap/4.1.3/js/bootstrap.min.js]
[kantologist.netlify.app/publication/quad/index.html]
[kantologist.netlify.app/publication/flow/index.html]
[cdnjs.cloudflare.com/ajax/libs/jquery.isotope/3.0.4/isotope.pkgd.min.js]
[kantologist.netlify.app/files/Academic Resume.pdf]
[cdnjs.cloudflare.com/ajax/libs/fancybox/3.2.5/jquery.fancybox.min.js]
[kantologist.netlify.app/publication/solar/index.html]
[cdnjs.cloudflare.com/ajax/libs/highlight.js/9.12.0/highlight.min.js]
[cdnjs.cloudflare.com/ajax/libs/mathjax/2.7.4/MathJax2ba6.js]
[cdnjs.cloudflare.com/ajax/libs/fuse.js/3.2.1/fuse.min.js]
[cdnjs.cloudflare.com/ajax/libs/mark.js/8.11.1/jquery.mark.min.js]
[kantologist.netlify.app/index.html]
[kantologist.netlify.app/js/academic.min.07fbebbbf71b021c8836e1d7ecffa489.js]
[cdnjs.cloudflare.com/ajax/libs/twitter-bootstrap/4.1.3/css/bootstrap.min.css]
[kantologist.netlify.app/project/quad/index.html]
[cdnjs.cloudflare.com/ajax/libs/academicons/1.8.6/css/academicons.min.css]
[kantologist.netlify.app/project/deep-class/index.html]
[use.fontawesome.com/releases/v5.6.0/css/all.css]
[kantologist.netlify.app/project/seren/index.html]
[cdnjs.cloudflare.com/ajax/libs/fancybox/3.2.5/jquery.fancybox.min.css]
[kantologist.netlify.app/talk/fullstack/index.html]
[cdnjs.cloudflare.com/ajax/libs/highlight.js/9.12.0/styles/github.min.css]
[kantologist.netlify.app/styles.css]
[kantologist.netlify.app/authors/admin]
[kantologist.netlify.app/talk/summer/index.html]
[kantologist.netlify.app/publication/api/index.html]
[kantologist.netlify.app/img/kittitest.png]
[kantologist.netlify.app/publication/deep-class/index.html]
[kantologist.netlify.app/publication/flow/index.html]
[kantologist.netlify.app/img/quad.png]
[kantologist.netlify.app/publication/quad/index.html]
[kantologist.netlify.app/publication/solar/index.html]
[kantologist.netlify.app/project/quad/index.html]
[kantologist.netlify.app/project/deep-class/index.html]
[kantologist.netlify.app/project/seren/index.html]
[kantologist.netlify.app/talk/fullstack/index.html]
[kantologist.netlify.app/talk/summer/index.html]
[kantologist.netlify.app/authors/admin.html]
[kantologist.netlify.app/img/kittitest.png]
